<?xml version="1.0" encoding="utf-8"?>
<TestRun id="7e4e4f02-c033-492e-bd62-e388c4822f1a" name="DT User3@DESKTOP-74SP4HP 2023-11-17 18:44:35" runUser="DESKTOP-74SP4HP\DT User3" xmlns="http://microsoft.com/schemas/VisualStudio/TeamTest/2010">
  <Times creation="2023-11-17T18:44:35.1711876+01:00" queuing="2023-11-17T18:44:35.1711877+01:00" start="2023-11-17T18:44:34.4471383+01:00" finish="2023-11-17T18:44:35.1795023+01:00" />
  <TestSettings name="default" id="58a0086d-4aee-4612-a19a-7b93dd8f086b">
    <Deployment runDeploymentRoot="DT_User3_DESKTOP-74SP4HP_2023-11-17_18_44_35" />
  </TestSettings>
  <Results>
    <UnitTestResult executionId="e4eb4efa-fdb2-481a-ba58-266208bfa569" testId="11ad0078-dbe0-c586-977e-2df3d2382426" testName="TestDodavanjeRazlicitogOsoblja" computerName="DESKTOP-74SP4HP" duration="00:00:00.0007999" startTime="2023-11-17T18:44:35.0253140+01:00" endTime="2023-11-17T18:44:35.0263085+01:00" testType="13cdc9d9-ddb5-4fa4-a97d-d965ccfc6d4b" outcome="Passed" testListId="8c84fa94-04c1-424b-9868-57a2d4851a1d" relativeResultsDirectory="e4eb4efa-fdb2-481a-ba58-266208bfa569" />
    <UnitTestResult executionId="6e8d0745-8853-4d04-95a4-4b6113c121f4" testId="f8b8d285-d9fe-8356-9259-7b2a9e52d418" testName="TestIznajmljivanjeLuksuznogApartmana" computerName="DESKTOP-74SP4HP" duration="00:00:00.0018149" startTime="2023-11-17T18:44:35.0267973+01:00" endTime="2023-11-17T18:44:35.0286777+01:00" testType="13cdc9d9-ddb5-4fa4-a97d-d965ccfc6d4b" outcome="Passed" testListId="8c84fa94-04c1-424b-9868-57a2d4851a1d" relativeResultsDirectory="6e8d0745-8853-4d04-95a4-4b6113c121f4" />
    <UnitTestResult executionId="0d3ef7bd-9645-422c-85c9-3d88037a8a1c" testId="6063d158-b2a4-6f30-a1e3-20f26d2cb3be" testName="TestDodavanjeRazlicitihStanova" computerName="DESKTOP-74SP4HP" duration="00:00:00.0036337" startTime="2023-11-17T18:44:35.0034755+01:00" endTime="2023-11-17T18:44:35.0195237+01:00" testType="13cdc9d9-ddb5-4fa4-a97d-d965ccfc6d4b" outcome="Passed" testListId="8c84fa94-04c1-424b-9868-57a2d4851a1d" relativeResultsDirectory="0d3ef7bd-9645-422c-85c9-3d88037a8a1c" />
  </Results>
  <TestDefinitions>
    <UnitTest name="TestDodavanjeRazlicitogOsoblja" storage="e:\testiranjesoftvera\tszadaca2\bin\debug\net7.0\tszadaca2.dll" id="11ad0078-dbe0-c586-977e-2df3d2382426">
      <Execution id="e4eb4efa-fdb2-481a-ba58-266208bfa569" />
      <TestMethod codeBase="E:\TestiranjeSoftvera\TSZadaca2\bin\Debug\net7.0\TSZadaca2.dll" adapterTypeName="executor://mstestadapter/v2" className="Testiranje.UnitTest1" name="TestDodavanjeRazlicitogOsoblja" />
    </UnitTest>
    <UnitTest name="TestIznajmljivanjeLuksuznogApartmana" storage="e:\testiranjesoftvera\tszadaca2\bin\debug\net7.0\tszadaca2.dll" id="f8b8d285-d9fe-8356-9259-7b2a9e52d418">
      <Execution id="6e8d0745-8853-4d04-95a4-4b6113c121f4" />
      <TestMethod codeBase="E:\TestiranjeSoftvera\TSZadaca2\bin\Debug\net7.0\TSZadaca2.dll" adapterTypeName="executor://mstestadapter/v2" className="Testiranje.UnitTest1" name="TestIznajmljivanjeLuksuznogApartmana" />
    </UnitTest>
    <UnitTest name="TestDodavanjeRazlicitihStanova" storage="e:\testiranjesoftvera\tszadaca2\bin\debug\net7.0\tszadaca2.dll" id="6063d158-b2a4-6f30-a1e3-20f26d2cb3be">
      <Execution id="0d3ef7bd-9645-422c-85c9-3d88037a8a1c" />
      <TestMethod codeBase="E:\TestiranjeSoftvera\TSZadaca2\bin\Debug\net7.0\TSZadaca2.dll" adapterTypeName="executor://mstestadapter/v2" className="Testiranje.UnitTest1" name="TestDodavanjeRazlicitihStanova" />
    </UnitTest>
  </TestDefinitions>
  <TestEntries>
    <TestEntry testId="11ad0078-dbe0-c586-977e-2df3d2382426" executionId="e4eb4efa-fdb2-481a-ba58-266208bfa569" testListId="8c84fa94-04c1-424b-9868-57a2d4851a1d" />
    <TestEntry testId="f8b8d285-d9fe-8356-9259-7b2a9e52d418" executionId="6e8d0745-8853-4d04-95a4-4b6113c121f4" testListId="8c84fa94-04c1-424b-9868-57a2d4851a1d" />
    <TestEntry testId="6063d158-b2a4-6f30-a1e3-20f26d2cb3be" executionId="0d3ef7bd-9645-422c-85c9-3d88037a8a1c" testListId="8c84fa94-04c1-424b-9868-57a2d4851a1d" />
  </TestEntries>
  <TestLists>
    <TestList name="Results Not in a List" id="8c84fa94-04c1-424b-9868-57a2d4851a1d" />
    <TestList name="All Loaded Results" id="19431567-8539-422a-85d7-44ee4e166bda" />
  </TestLists>
  <ResultSummary outcome="Completed">
    <Counters total="3" executed="3" passed="3" failed="0" error="0" timeout="0" aborted="0" inconclusive="0" passedButRunAborted="0" notRunnable="0" notExecuted="0" disconnected="0" warning="0" completed="0" inProgress="0" pending="0" />
    <RunInfos>
      <RunInfo computerName="DESKTOP-74SP4HP" outcome="Warning" timestamp="2023-11-17T18:44:34.9804599+01:00">
        <Text>[MSTest][Discovery][E:\TestiranjeSoftvera\TSZadaca2\bin\Debug\net7.0\TSZadaca2.dll] MSTestAdapter failed to discover tests in class 'Testiranje.DataDrivenTests' of assembly 'E:\TestiranjeSoftvera\TSZadaca2\bin\Debug\net7.0\TSZadaca2.dll' because Object reference not set to an instance of an object..</Text>
      </RunInfo>
    </RunInfos>
  </ResultSummary>
</TestRun>